../Core/Src/BLE-JDY18.c:11:6:JDY18_Setup	16	static
../Core/Src/BLE-JDY18.c:15:6:JDY18_SetConfig	16	static
../Core/Src/BLE-JDY18.c:19:6:JDY18_Reset	8	static
../Core/Src/BLE-JDY18.c:23:6:JDY18_SendCommand	32	static
../Core/Src/BLE-JDY18.c:38:6:JDY18_SetName	48	static
../Core/Src/BLE-JDY18.c:44:6:JDY18_GetName	16	static
../Core/Src/BLE-JDY18.c:53:6:JDY18_SetRole	24	static
../Core/Src/BLE-JDY18.c:60:6:JDY18_SetBaudRate	24	static
../Core/Src/BLE-JDY18.c:68:6:JDY18_Scan	1040	static
../Core/Src/BLE-JDY18.c:78:6:_getDevicesFromScanStr	1104	static
